../Core/Src/OLED_Driver.c:13:6:OLED_SendCommand	16	static
../Core/Src/OLED_Driver.c:18:6:OLED_SendData	16	static
../Core/Src/OLED_Driver.c:23:6:OLED_Init	8	static
../Core/Src/OLED_Driver.c:75:6:OLED_On	8	static
../Core/Src/OLED_Driver.c:80:6:OLED_Off	8	static
../Core/Src/OLED_Driver.c:85:6:OLED_SetContrast	16	static
../Core/Src/OLED_Driver.c:91:6:OLED_Fill	16	static
../Core/Src/OLED_Driver.c:96:6:OLED_Update	8	static
../Core/Src/OLED_Driver.c:101:6:OLED_DrawPixel	16	static
../Core/Src/OLED_Driver.c:111:6:OLED_DrawChar	48	static
../Core/Src/OLED_Driver.c:133:6:OLED_WriteStr	24	static
../Core/Src/OLED_Driver.c:143:6:OLED_SetCursor	16	static
../Core/Src/OLED_Driver.c:149:6:OLED_DrawLine	48	static
../Core/Src/OLED_Driver.c:175:6:OLED_DrawRectangle	24	static
../Core/Src/OLED_Driver.c:184:6:OLED_Clear	16	static
../Core/Src/OLED_Driver.c:191:6:OLED_DrawBitmap	24	static
